HEAD d4ee41203a6474ae06a5982aaf34a905a3ab46b3
===== lint =====

> aion@0.1.0 lint
> eslint


/tmp/omen-oct08-integrated/docs/release-qa/task14-2026-10-08/capture-brief.mjs
  16:10  warning  'mkdirSync' is defined but never used  @typescript-eslint/no-unused-vars
  92:32  warning  'viewport' is defined but never used   @typescript-eslint/no-unused-vars

✖ 2 problems (0 errors, 2 warnings)

EXIT npm 0
===== typegen =====
Generating route types...
✓ Types generated successfully
EXIT npx 0
===== typecheck =====

> aion@0.1.0 typecheck
> tsc --noEmit

EXIT npm 0
===== unit =====

> aion@0.1.0 test
> vitest run


 RUN  v3.2.7 /tmp/omen-oct08-integrated

 ✓ src/components/intelligence/event-intelligence-view.test.tsx (21 tests) 1237ms
 ✓ src/app/(workspace)/workspace-routes.test.tsx (26 tests) 1277ms
 ✓ src/components/screens/archive-screen.test.tsx (8 tests) 404ms
 ✓ src/components/events/event-card.test.tsx (7 tests) 322ms
 ✓ src/lib/domain/historical-reconstruction.test.ts (10 tests) 9ms
 ✓ src/lib/domain/probability-history.test.ts (17 tests) 9ms
 ✓ src/lib/archive/load-archive-page.test.tsx (4 tests) 18ms
 ✓ src/components/archive/archive-navigation.test.tsx (24 tests) 4564ms
   ✓ archive checkpoint navigation > keeps the first page and steps by sequence across page boundaries  3453ms
 ✓ src/components/layout/app-shell.test.tsx (8 tests) 1025ms
   ✓ AppShell desktop navigation > promotes Pulse, Explore, Following, and More — not unfinished destinations  417ms
 ✓ src/components/marketing/spectrum-stage.test.tsx (5 tests) 258ms
 ✓ src/lib/db/event-bundle.test.ts (11 tests) 11ms
 ✓ src/lib/data/mock-repository.test.ts (13 tests) 8ms
 ✓ src/lib/db/publication-bundle.test.ts (4 tests) 5ms
 ✓ src/lib/following/following.browser.test.tsx (8 tests) 516ms
 ✓ src/lib/db/config.test.ts (11 tests) 6ms
 ✓ src/data/build-event.test.ts (3 tests) 3ms
 ✓ src/test/data-boundary.test.ts (9 tests) 11ms
 ✓ src/lib/db/event-reader.test.ts (2 tests) 4ms
 ✓ src/components/marketing/landing-page.test.tsx (4 tests) 568ms
 ✓ src/components/screens/pulse-screen.test.tsx (4 tests) 503ms
 ✓ src/lib/events.test.ts (4 tests) 10ms
 ✓ src/lib/marketing/demo-data.test.ts (9 tests) 11ms
 ✓ src/app/(workspace)/events/[id]/history/[checkpointId]/page.test.tsx (2 tests) 138ms
 ✓ src/app/(workspace)/legacy-fixture-routes.test.tsx (11 tests) 220ms
 ✓ src/components/screens/events-screen.test.tsx (3 tests) 475ms
 ✓ src/components/marketing/walkthrough.test.tsx (2 tests) 343ms
 ✓ src/lib/domain/event-chronology.test.ts (2 tests) 9ms
 ✓ src/lib/following/persistence.test.ts (6 tests) 5ms
 ✓ src/lib/history/historical-request.test.ts (4 tests) 4ms
 ✓ src/app/aion-workspace.css.test.ts (6 tests) 3ms
 ✓ src/lib/domain/scoring.test.ts (5 tests) 3ms
 ✓ src/lib/search/command-index.test.ts (4 tests) 4ms
 ✓ src/lib/db/bigint-id.test.ts (2 tests) 3ms
 ✓ src/lib/http-url.test.ts (2 tests) 3ms
 ✓ src/components/sidebar/sidebar.test.tsx (3 tests) 2ms
 ✓ src/components/screens/agents-screen.test.tsx (1 test) 76ms
 ✓ src/lib/intake/refresh.test.ts (18 tests) 45ms
 ✓ src/lib/analyst/proposal.test.ts (19 tests) 13ms
 ✓ src/lib/format.test.ts (2 tests) 2ms
 ✓ src/lib/intake/network.test.ts (7 tests) 18ms
 ✓ src/app/api/events/[id]/history/route.test.ts (4 tests) 10ms
 ✓ src/app/api/events/[id]/history/[checkpointId]/route.test.ts (5 tests) 12ms
 ✓ src/lib/data/repository.test.ts (9 tests) 11ms
 ✓ src/lib/analyst/safety.test.ts (2 tests) 6ms
 ✓ src/app/api/events/route.test.ts (7 tests) 11ms
 ✓ src/lib/intake/safety.test.ts (2 tests) 6ms
 ✓ src/lib/intake/command.test.ts (1 test) 4ms
 ✓ src/lib/intake/text.test.ts (4 tests) 3ms

 Test Files  48 passed (48)
      Tests  345 passed (345)
   Start at  17:02:05
   Duration  15.01s (transform 1.53s, setup 4.79s, collect 4.10s, tests 12.21s, environment 16.38s, prepare 2.26s)

EXIT npm 0
===== build =====

> aion@0.1.0 build
> next build

▲ Next.js 16.3.4 (Turbopack)
✓ Running next.config.ts took 18ms

  Creating an optimized production build ...
✓ Compiled successfully in 3.9s
  Running TypeScript ...
  Finished TypeScript in 4.9s ...
  Collecting page data using 3 workers ...
  Generating static pages using 3 workers (0/21) ...
  Generating static pages using 3 workers (5/21) 
  Generating static pages using 3 workers (10/21) 
  Generating static pages using 3 workers (15/21) 
✓ Generating static pages using 3 workers (21/21) in 287ms
  Finalizing page optimization ...

Route (app)
┌ ○ /
├ ○ /_not-found
├ ƒ /agents
├ ƒ /alerts
├ ƒ /api-access
├ ƒ /api/events
├ ƒ /api/events/[id]
├ ƒ /api/events/[id]/history
├ ƒ /api/events/[id]/history/[checkpointId]
├ ○ /apple-icon.png
├ ƒ /archive
├ ƒ /events
├ ƒ /events/[id]
├ ƒ /events/[id]/history/[checkpointId]
├ ○ /graph
├ ○ /icon.png
├ ƒ /markets
├ ƒ /pulse
├ ƒ /relations
├ ƒ /research
├ ƒ /settings
├ ƒ /signals
├ ƒ /team
└ ƒ /watchlists


○  (Static)   prerendered as static content
ƒ  (Dynamic)  server-rendered on demand

EXIT npm 0
===== db =====

> aion@0.1.0 test:db
> vitest run --config vitest.db.config.ts


 RUN  v3.2.7 /tmp/omen-oct08-integrated

 ✓ src/lib/db/postgres.db.test.ts (47 tests) 9907ms
   ✓ persistence across processes > reads in this process what separate CLI processes wrote, and a third process reads it back  872ms
   ✓ persistence across processes > refuses to write from a production process or to an unidentified database  819ms
   ✓ persistence across processes > reports an unreachable database without printing the connection string or password  399ms
   ✓ temporal visibility checkpoints > reproduces that a delayed commit is invisible after record_available_at  311ms
   ✓ temporal visibility checkpoints > keeps an earlier transaction timestamp from ranking as earlier visibility  340ms
   ✓ temporal visibility checkpoints > publishes one snapshot for a bundle that spans every history table  354ms
   ✓ temporal visibility checkpoints > reads history tables from one snapshot and keeps a repeatable read consistent  302ms
   ✓ temporal visibility checkpoints > serialises a lock-waiting correction into verified checkpoint prefixes  350ms
   ✓ temporal visibility checkpoints > publishes without waiting on an open event revision  371ms
 ✓ src/lib/analyst/integrity.db.test.ts (15 tests) 4777ms
 ✓ src/lib/db/historical-reconstruction.db.test.ts (7 tests) 779ms
 ✓ src/lib/db/intake-publication.db.test.ts (6 tests) 1329ms
   ✓ intake publication bridge > imports, reviews, publishes, corrects, and retries without inventing a probability or a publication time  414ms
 ✓ src/lib/db/operator-publishing.db.test.ts (2 tests) 617ms
   ✓ operator publishing workflow > reviews intake, publishes evidence and an authored Move Log, corrects, and retries checkpoint publication  327ms
 ✓ src/lib/analyst/analyst.db.test.ts (4 tests) 1070ms

 Test Files  6 passed (6)
      Tests  81 passed (81)
   Start at  17:02:31
   Duration  19.89s (transform 363ms, setup 0ms, collect 664ms, tests 18.48s, environment 1ms, prepare 225ms)

EXIT npm 0
===== workflow =====

> aion@0.1.0 test:workflow
> vitest run --config vitest.workflow.config.ts


 RUN  v3.2.7 /tmp/omen-oct08-integrated

 ✓ src/test/workflow/integrated-workflow.workflow.test.ts (32 tests) 12067ms
   ✓ browser workspace > opens Pulse from the homepage with a real click  970ms
   ✓ browser workspace > opens event evidence and the published Move Log from the card  304ms
   ✓ browser workspace > reaches the same checkpoint from Archive and keeps the URL shareable  692ms
   ✓ browser workspace > opens a shared checkpoint URL in a fresh browser session  398ms
   ✓ browser workspace > keeps mobile layout inside the viewport  342ms
   ✓ browser workspace > supports keyboard navigation from the homepage CTA, command palette and checkpoint list  755ms
   ✓ browser workspace > honours browser back and forward across the workflow  958ms
   ✓ intake review publication and checkpoint stability > stages an intake import without publishing evidence  453ms
   ✓ intake review publication and checkpoint stability > requires an explicit review before publication  907ms
   ✓ intake review publication and checkpoint stability > does not duplicate evidence, Move Logs or checkpoints when publication is retried  419ms
   ✓ intake review publication and checkpoint stability > keeps the earlier checkpoint stable after later evidence, metadata edits and corrections  543ms
   ✓ intake review publication and checkpoint stability > opens an off-page checkpoint and crosses the first page with real pagination  1287ms
 ✓ src/test/workflow/analyst-proposal.workflow.test.ts (1 test) 1423ms
   ✓ analyst proposal staging workflow > generates a synthetic proposal, stages it, and refuses publish bypass  984ms

 Test Files  2 passed (2)
      Tests  33 passed (33)
   Start at  17:02:51
   Duration  13.98s (transform 129ms, setup 0ms, collect 246ms, tests 13.49s, environment 0ms, prepare 74ms)

EXIT env 0
ALL_OK
